Oct 30, 2025 7:21:22 AM dependencies.classes.Elevator agregarComando
INFO: [Elevador 1] Agregado el comando: Dirigirse al piso 8
Oct 30, 2025 7:21:22 AM dependencies.classes.Elevator moverHacia
INFO: [Elevador 1] Moviéndose up hacia piso 8
Oct 30, 2025 7:21:23 AM dependencies.classes.Elevator moverHacia
INFO: [Elevador 1] Piso actual: 2
Oct 30, 2025 7:21:24 AM dependencies.classes.Elevator moverHacia
INFO: [Elevador 1] Piso actual: 3
Oct 30, 2025 7:21:25 AM dependencies.classes.Elevator moverHacia
INFO: [Elevador 1] Piso actual: 4
Oct 30, 2025 7:21:26 AM dependencies.classes.Elevator moverHacia
INFO: [Elevador 1] Piso actual: 5
Oct 30, 2025 7:21:27 AM dependencies.classes.Elevator moverHacia
INFO: [Elevador 1] Piso actual: 6
Oct 30, 2025 7:21:28 AM dependencies.classes.Elevator moverHacia
INFO: [Elevador 1] Piso actual: 7
Oct 30, 2025 7:21:29 AM dependencies.classes.Elevator moverHacia
INFO: [Elevador 1] Piso actual: 8
Oct 30, 2025 7:21:29 AM dependencies.classes.Elevator moverHacia
INFO: [Elevador 1] Llegó al piso 8
Oct 30, 2025 7:21:30 AM dependencies.classes.Elevator moverHacia
INFO: [Elevador 1] Parada completada en piso 8
Oct 30, 2025 7:21:38 AM dependencies.classes.Elevator agregarComando
INFO: [Elevador 1] Agregado el comando: Dirigirse al piso 5
Oct 30, 2025 7:21:38 AM dependencies.classes.Elevator moverHacia
INFO: [Elevador 1] Moviéndose down hacia piso 5
Oct 30, 2025 7:21:39 AM dependencies.classes.Elevator moverHacia
INFO: [Elevador 1] Piso actual: 7
Oct 30, 2025 7:21:40 AM dependencies.classes.Elevator moverHacia
INFO: [Elevador 1] Piso actual: 6
Oct 30, 2025 7:21:41 AM dependencies.classes.Elevator moverHacia
INFO: [Elevador 1] Piso actual: 5
Oct 30, 2025 7:21:41 AM dependencies.classes.Elevator moverHacia
INFO: [Elevador 1] Llegó al piso 5
Oct 30, 2025 7:21:42 AM dependencies.classes.Elevator moverHacia
INFO: [Elevador 1] Parada completada en piso 5
Oct 30, 2025 7:21:53 AM dependencies.classes.Elevator agregarComando
INFO: [Elevador 1] Agregado el comando: Dirigirse al piso 2
Oct 30, 2025 7:21:54 AM dependencies.classes.Elevator moverHacia
INFO: [Elevador 1] Moviéndose down hacia piso 2
Oct 30, 2025 7:21:55 AM dependencies.classes.Elevator moverHacia
INFO: [Elevador 1] Piso actual: 4
Oct 30, 2025 7:21:56 AM dependencies.classes.Elevator moverHacia
INFO: [Elevador 1] Piso actual: 3
Oct 30, 2025 7:21:57 AM dependencies.classes.Elevator moverHacia
INFO: [Elevador 1] Piso actual: 2
Oct 30, 2025 7:21:57 AM dependencies.classes.Elevator moverHacia
INFO: [Elevador 1] Llegó al piso 2
Oct 30, 2025 7:21:58 AM dependencies.classes.Elevator moverHacia
INFO: [Elevador 1] Parada completada en piso 2
Oct 30, 2025 7:25:36 AM dependencies.classes.Elevator agregarComando
INFO: [Elevador 1] Agregado el comando: Dirigirse al piso 7
Oct 30, 2025 7:25:36 AM dependencies.classes.Elevator moverHacia
INFO: [Elevador 1] Moviéndose up hacia piso 7
Oct 30, 2025 7:25:37 AM dependencies.classes.Elevator moverHacia
INFO: [Elevador 1] Piso actual: 2
Oct 30, 2025 7:25:38 AM dependencies.classes.Elevator moverHacia
INFO: [Elevador 1] Piso actual: 3
Oct 30, 2025 7:25:39 AM dependencies.classes.Elevator moverHacia
INFO: [Elevador 1] Piso actual: 4
Oct 30, 2025 7:25:40 AM dependencies.classes.Elevator moverHacia
INFO: [Elevador 1] Piso actual: 5
Oct 30, 2025 7:25:41 AM dependencies.classes.Elevator moverHacia
INFO: [Elevador 1] Piso actual: 6
Oct 30, 2025 7:25:42 AM dependencies.classes.Elevator moverHacia
INFO: [Elevador 1] Piso actual: 7
Oct 30, 2025 7:25:42 AM dependencies.classes.Elevator moverHacia
INFO: [Elevador 1] Llegó al piso 7
Oct 30, 2025 7:25:43 AM dependencies.classes.Elevator moverHacia
INFO: [Elevador 1] Parada completada en piso 7
Oct 30, 2025 7:29:38 AM dependencies.classes.Elevator agregarComando
INFO: [Elevador 1] Agregado el comando: Dirigirse al piso 4
Oct 30, 2025 7:29:38 AM dependencies.classes.Elevator moverHacia
INFO: [Elevador 1] Moviéndose up hacia piso 4
Oct 30, 2025 7:29:39 AM dependencies.classes.Elevator moverHacia
INFO: [Elevador 1] Piso actual: 2
Oct 30, 2025 7:29:40 AM dependencies.classes.Elevator moverHacia
INFO: [Elevador 1] Piso actual: 3
Oct 30, 2025 7:29:41 AM dependencies.classes.Elevator moverHacia
INFO: [Elevador 1] Piso actual: 4
Oct 30, 2025 7:29:41 AM dependencies.classes.Elevator moverHacia
INFO: [Elevador 1] Llegó al piso 4
Oct 30, 2025 7:29:42 AM dependencies.classes.Elevator moverHacia
INFO: [Elevador 1] Parada completada en piso 4
Oct 30, 2025 7:29:56 AM dependencies.classes.Elevator reset
INFO: [Elevador 1] Elevador Reseteado
Oct 30, 2025 7:29:58 AM dependencies.classes.Elevator reset
INFO: [Elevador 1] Elevador Reseteado
Oct 30, 2025 7:30:03 AM dependencies.classes.Elevator agregarComando
INFO: [Elevador 1] Agregado el comando: Dirigirse al piso 9
Oct 30, 2025 7:30:03 AM dependencies.classes.Elevator moverHacia
INFO: [Elevador 1] Moviéndose up hacia piso 9
Oct 30, 2025 7:30:04 AM dependencies.classes.Elevator agregarComando
INFO: [Elevador 1] Agregado el comando: Dirigirse al piso 8
Oct 30, 2025 7:30:04 AM dependencies.classes.Elevator moverHacia
INFO: [Elevador 1] Piso actual: 2
Oct 30, 2025 7:30:04 AM dependencies.classes.Elevator agregarComando
INFO: [Elevador 1] Agregado el comando: Dirigirse al piso 7
Oct 30, 2025 7:30:05 AM dependencies.classes.Elevator moverHacia
INFO: [Elevador 1] Piso actual: 3
Oct 30, 2025 7:30:06 AM dependencies.classes.Elevator moverHacia
INFO: [Elevador 1] Piso actual: 4
Oct 30, 2025 7:30:07 AM dependencies.classes.Elevator moverHacia
INFO: [Elevador 1] Piso actual: 5
Oct 30, 2025 7:30:08 AM dependencies.classes.Elevator moverHacia
INFO: [Elevador 1] Piso actual: 6
Oct 30, 2025 7:30:09 AM dependencies.classes.Elevator moverHacia
INFO: [Elevador 1] Piso actual: 7
Oct 30, 2025 7:30:10 AM dependencies.classes.Elevator moverHacia
INFO: [Elevador 1] Piso actual: 8
Oct 30, 2025 7:30:11 AM dependencies.classes.Elevator moverHacia
INFO: [Elevador 1] Piso actual: 9
Oct 30, 2025 7:30:11 AM dependencies.classes.Elevator moverHacia
INFO: [Elevador 1] Llegó al piso 9
Oct 30, 2025 7:30:12 AM dependencies.classes.Elevator moverHacia
INFO: [Elevador 1] Parada completada en piso 9
Oct 30, 2025 7:30:12 AM dependencies.classes.Elevator moverHacia
INFO: [Elevador 1] Moviéndose down hacia piso 8
Oct 30, 2025 7:30:13 AM dependencies.classes.Elevator moverHacia
INFO: [Elevador 1] Piso actual: 8
Oct 30, 2025 7:30:13 AM dependencies.classes.Elevator moverHacia
INFO: [Elevador 1] Llegó al piso 8
Oct 30, 2025 7:30:14 AM dependencies.classes.Elevator moverHacia
INFO: [Elevador 1] Parada completada en piso 8
Oct 30, 2025 7:30:14 AM dependencies.classes.Elevator moverHacia
INFO: [Elevador 1] Moviéndose down hacia piso 7
Oct 30, 2025 7:30:15 AM dependencies.classes.Elevator moverHacia
INFO: [Elevador 1] Piso actual: 7
Oct 30, 2025 7:30:15 AM dependencies.classes.Elevator moverHacia
INFO: [Elevador 1] Llegó al piso 7
Oct 30, 2025 7:30:16 AM dependencies.classes.Elevator moverHacia
INFO: [Elevador 1] Parada completada en piso 7
Oct 30, 2025 7:45:05 AM dependencies.classes.Elevator agregarComando
INFO: [Elevador 1] Agregado el comando: Dirigirse al piso 9
Oct 30, 2025 7:45:05 AM dependencies.classes.Elevator moverHacia
INFO: [Elevador 1] Moviéndose up hacia piso 9
Oct 30, 2025 7:45:06 AM dependencies.classes.Elevator moverHacia
INFO: [Elevador 1] Piso actual: 2
Oct 30, 2025 7:45:07 AM dependencies.classes.Elevator moverHacia
INFO: [Elevador 1] Piso actual: 3
Oct 30, 2025 7:45:08 AM dependencies.classes.Elevator moverHacia
INFO: [Elevador 1] Piso actual: 4
Oct 30, 2025 7:45:09 AM dependencies.classes.Elevator moverHacia
INFO: [Elevador 1] Piso actual: 5
Oct 30, 2025 7:45:10 AM dependencies.classes.Elevator moverHacia
INFO: [Elevador 1] Piso actual: 6
Oct 30, 2025 7:45:11 AM dependencies.classes.Elevator moverHacia
INFO: [Elevador 1] Piso actual: 7
Oct 30, 2025 7:45:12 AM dependencies.classes.Elevator moverHacia
INFO: [Elevador 1] Piso actual: 8
Oct 30, 2025 7:45:13 AM dependencies.classes.Elevator moverHacia
INFO: [Elevador 1] Piso actual: 9
Oct 30, 2025 7:45:13 AM dependencies.classes.Elevator moverHacia
INFO: [Elevador 1] Llegó al piso 9
Oct 30, 2025 7:45:14 AM dependencies.classes.Elevator moverHacia
INFO: [Elevador 1] Parada completada en piso 9
Oct 30, 2025 7:45:31 AM dependencies.classes.Elevator agregarComando
INFO: [Elevador 1] Agregado el comando: Dirigirse al piso 1
Oct 30, 2025 7:45:31 AM dependencies.classes.Elevator moverHacia
INFO: [Elevador 1] Moviéndose down hacia piso 1
Oct 30, 2025 7:45:32 AM dependencies.classes.Elevator moverHacia
INFO: [Elevador 1] Piso actual: 8
Oct 30, 2025 7:45:33 AM dependencies.classes.Elevator moverHacia
INFO: [Elevador 1] Piso actual: 7
Oct 30, 2025 7:45:34 AM dependencies.classes.Elevator moverHacia
INFO: [Elevador 1] Piso actual: 6
Oct 30, 2025 7:45:35 AM dependencies.classes.Elevator moverHacia
INFO: [Elevador 1] Piso actual: 5
Oct 30, 2025 7:45:36 AM dependencies.classes.Elevator moverHacia
INFO: [Elevador 1] Piso actual: 4
Oct 30, 2025 7:45:37 AM dependencies.classes.Elevator moverHacia
INFO: [Elevador 1] Piso actual: 3
Oct 30, 2025 7:45:38 AM dependencies.classes.Elevator moverHacia
INFO: [Elevador 1] Piso actual: 2
Oct 30, 2025 7:45:39 AM dependencies.classes.Elevator moverHacia
INFO: [Elevador 1] Piso actual: 1
Oct 30, 2025 7:45:39 AM dependencies.classes.Elevator moverHacia
INFO: [Elevador 1] Llegó al piso 1
Oct 30, 2025 7:45:40 AM dependencies.classes.Elevator moverHacia
INFO: [Elevador 1] Parada completada en piso 1
Oct 30, 2025 7:46:00 AM dependencies.classes.Elevator agregarComando
INFO: [Elevador 1] Agregado el comando: Dirigirse al piso 2
Oct 30, 2025 7:46:00 AM dependencies.classes.Elevator moverHacia
INFO: [Elevador 1] Moviéndose up hacia piso 2
Oct 30, 2025 7:46:01 AM dependencies.classes.Elevator moverHacia
INFO: [Elevador 1] Piso actual: 2
Oct 30, 2025 7:46:01 AM dependencies.classes.Elevator moverHacia
INFO: [Elevador 1] Llegó al piso 2
Oct 30, 2025 7:46:02 AM dependencies.classes.Elevator moverHacia
INFO: [Elevador 1] Parada completada en piso 2
Oct 30, 2025 7:46:09 AM dependencies.classes.Elevator reset
INFO: [Elevador 1] Elevador Reseteado
Oct 30, 2025 7:46:15 AM dependencies.classes.Elevator agregarComando
INFO: [Elevador 1] Agregado el comando: Dirigirse al piso 4
Oct 30, 2025 7:46:15 AM dependencies.classes.Elevator moverHacia
INFO: [Elevador 1] Moviéndose up hacia piso 4
Oct 30, 2025 7:46:16 AM dependencies.classes.Elevator moverHacia
INFO: [Elevador 1] Piso actual: 2
Oct 30, 2025 7:46:17 AM dependencies.classes.Elevator moverHacia
INFO: [Elevador 1] Piso actual: 3
Oct 30, 2025 7:46:18 AM dependencies.classes.Elevator moverHacia
INFO: [Elevador 1] Piso actual: 4
Oct 30, 2025 7:46:18 AM dependencies.classes.Elevator moverHacia
INFO: [Elevador 1] Llegó al piso 4
Oct 30, 2025 7:46:19 AM dependencies.classes.Elevator moverHacia
INFO: [Elevador 1] Parada completada en piso 4
Oct 30, 2025 7:46:28 AM dependencies.classes.Elevator agregarComando
INFO: [Elevador 1] Agregado el comando: Dirigirse al piso 2
Oct 30, 2025 7:46:28 AM dependencies.classes.Elevator moverHacia
INFO: [Elevador 1] Moviéndose down hacia piso 2
Oct 30, 2025 7:46:29 AM dependencies.classes.Elevator moverHacia
INFO: [Elevador 1] Piso actual: 3
Oct 30, 2025 7:46:30 AM dependencies.classes.Elevator moverHacia
INFO: [Elevador 1] Piso actual: 2
Oct 30, 2025 7:46:30 AM dependencies.classes.Elevator moverHacia
INFO: [Elevador 1] Llegó al piso 2
Oct 30, 2025 7:46:31 AM dependencies.classes.Elevator moverHacia
INFO: [Elevador 1] Parada completada en piso 2
Oct 30, 2025 7:46:39 AM dependencies.classes.Elevator reset
INFO: [Elevador 1] Elevador Reseteado
Oct 30, 2025 7:46:45 AM dependencies.classes.Elevator agregarComando
INFO: [Elevador 1] Agregado el comando: Dirigirse al piso 6
Oct 30, 2025 7:46:45 AM dependencies.classes.Elevator moverHacia
INFO: [Elevador 1] Moviéndose up hacia piso 6
Oct 30, 2025 7:46:46 AM dependencies.classes.Elevator moverHacia
INFO: [Elevador 1] Piso actual: 2
Oct 30, 2025 7:46:47 AM dependencies.classes.Elevator moverHacia
INFO: [Elevador 1] Piso actual: 3
Oct 30, 2025 7:46:48 AM dependencies.classes.Elevator moverHacia
INFO: [Elevador 1] Piso actual: 4
Oct 30, 2025 7:46:49 AM dependencies.classes.Elevator moverHacia
INFO: [Elevador 1] Piso actual: 5
Oct 30, 2025 7:46:50 AM dependencies.classes.Elevator moverHacia
INFO: [Elevador 1] Piso actual: 6
Oct 30, 2025 7:46:50 AM dependencies.classes.Elevator moverHacia
INFO: [Elevador 1] Llegó al piso 6
Oct 30, 2025 7:46:51 AM dependencies.classes.Elevator moverHacia
INFO: [Elevador 1] Parada completada en piso 6
Oct 30, 2025 8:02:45 AM dependencies.classes.Elevator agregarComando
INFO: [Elevador 1] Agregado el comando: Dirigirse al piso 10
Oct 30, 2025 8:02:46 AM dependencies.classes.Elevator moverHacia
INFO: [Elevador 1] Moviéndose up hacia piso 10
Oct 30, 2025 8:02:47 AM dependencies.classes.Elevator moverHacia
INFO: [Elevador 1] Piso actual: 2
Oct 30, 2025 8:02:48 AM dependencies.classes.Elevator moverHacia
INFO: [Elevador 1] Piso actual: 3
Oct 30, 2025 8:02:49 AM dependencies.classes.Elevator moverHacia
INFO: [Elevador 1] Piso actual: 4
Oct 30, 2025 8:02:50 AM dependencies.classes.Elevator moverHacia
INFO: [Elevador 1] Piso actual: 5
Oct 30, 2025 8:02:51 AM dependencies.classes.Elevator moverHacia
INFO: [Elevador 1] Piso actual: 6
Oct 30, 2025 8:02:52 AM dependencies.classes.Elevator moverHacia
INFO: [Elevador 1] Piso actual: 7
Oct 30, 2025 8:02:53 AM dependencies.classes.Elevator moverHacia
INFO: [Elevador 1] Piso actual: 8
Oct 30, 2025 8:02:54 AM dependencies.classes.Elevator moverHacia
INFO: [Elevador 1] Piso actual: 9
Oct 30, 2025 8:02:55 AM dependencies.classes.Elevator moverHacia
INFO: [Elevador 1] Piso actual: 10
Oct 30, 2025 8:02:55 AM dependencies.classes.Elevator moverHacia
INFO: [Elevador 1] Llegó al piso 10
Oct 30, 2025 8:02:56 AM dependencies.classes.Elevator moverHacia
INFO: [Elevador 1] Parada completada en piso 10
Oct 30, 2025 8:02:59 AM dependencies.classes.Elevator reset
INFO: [Elevador 1] Elevador Reseteado
Oct 30, 2025 8:03:05 AM dependencies.classes.Elevator agregarComando
INFO: [Elevador 1] Agregado el comando: Dirigirse al piso 7
Oct 30, 2025 8:03:05 AM dependencies.classes.Elevator moverHacia
INFO: [Elevador 1] Moviéndose up hacia piso 7
Oct 30, 2025 8:03:06 AM dependencies.classes.Elevator moverHacia
INFO: [Elevador 1] Piso actual: 2
Oct 30, 2025 8:03:07 AM dependencies.classes.Elevator moverHacia
INFO: [Elevador 1] Piso actual: 3
Oct 30, 2025 8:03:08 AM dependencies.classes.Elevator moverHacia
INFO: [Elevador 1] Piso actual: 4
Oct 30, 2025 8:03:09 AM dependencies.classes.Elevator moverHacia
INFO: [Elevador 1] Piso actual: 5
Oct 30, 2025 8:03:10 AM dependencies.classes.Elevator moverHacia
INFO: [Elevador 1] Piso actual: 6
Oct 30, 2025 8:03:11 AM dependencies.classes.Elevator moverHacia
INFO: [Elevador 1] Piso actual: 7
Oct 30, 2025 8:03:11 AM dependencies.classes.Elevator moverHacia
INFO: [Elevador 1] Llegó al piso 7
Oct 30, 2025 8:03:12 AM dependencies.classes.Elevator moverHacia
INFO: [Elevador 1] Parada completada en piso 7
