Oct 30, 2025 7:22:04 AM dependencies.classes.Elevator agregarComando
INFO: [Elevador 3] Agregado el comando: Dirigirse al piso 7
Oct 30, 2025 7:22:05 AM dependencies.classes.Elevator moverHacia
INFO: [Elevador 3] Moviéndose up hacia piso 7
Oct 30, 2025 7:22:06 AM dependencies.classes.Elevator moverHacia
INFO: [Elevador 3] Piso actual: 2
Oct 30, 2025 7:22:07 AM dependencies.classes.Elevator moverHacia
INFO: [Elevador 3] Piso actual: 3
Oct 30, 2025 7:22:08 AM dependencies.classes.Elevator moverHacia
INFO: [Elevador 3] Piso actual: 4
Oct 30, 2025 7:22:09 AM dependencies.classes.Elevator moverHacia
INFO: [Elevador 3] Piso actual: 5
Oct 30, 2025 7:22:10 AM dependencies.classes.Elevator moverHacia
INFO: [Elevador 3] Piso actual: 6
Oct 30, 2025 7:22:11 AM dependencies.classes.Elevator moverHacia
INFO: [Elevador 3] Piso actual: 7
Oct 30, 2025 7:22:11 AM dependencies.classes.Elevator moverHacia
INFO: [Elevador 3] Llegó al piso 7
Oct 30, 2025 7:22:12 AM dependencies.classes.Elevator moverHacia
INFO: [Elevador 3] Parada completada en piso 7
Oct 30, 2025 7:25:38 AM dependencies.classes.Elevator agregarComando
INFO: [Elevador 3] Agregado el comando: Dirigirse al piso 6
Oct 30, 2025 7:25:38 AM dependencies.classes.Elevator moverHacia
INFO: [Elevador 3] Moviéndose up hacia piso 6
Oct 30, 2025 7:25:39 AM dependencies.classes.Elevator moverHacia
INFO: [Elevador 3] Piso actual: 2
Oct 30, 2025 7:25:40 AM dependencies.classes.Elevator moverHacia
INFO: [Elevador 3] Piso actual: 3
Oct 30, 2025 7:25:41 AM dependencies.classes.Elevator moverHacia
INFO: [Elevador 3] Piso actual: 4
Oct 30, 2025 7:25:42 AM dependencies.classes.Elevator moverHacia
INFO: [Elevador 3] Piso actual: 5
Oct 30, 2025 7:25:43 AM dependencies.classes.Elevator moverHacia
INFO: [Elevador 3] Piso actual: 6
Oct 30, 2025 7:25:43 AM dependencies.classes.Elevator moverHacia
INFO: [Elevador 3] Llegó al piso 6
Oct 30, 2025 7:25:44 AM dependencies.classes.Elevator moverHacia
INFO: [Elevador 3] Parada completada en piso 6
Oct 30, 2025 7:29:40 AM dependencies.classes.Elevator agregarComando
INFO: [Elevador 3] Agregado el comando: Dirigirse al piso 7
Oct 30, 2025 7:29:41 AM dependencies.classes.Elevator moverHacia
INFO: [Elevador 3] Moviéndose up hacia piso 7
Oct 30, 2025 7:29:41 AM dependencies.classes.Elevator agregarComando
INFO: [Elevador 3] Agregado el comando: Dirigirse al piso 6
Oct 30, 2025 7:29:42 AM dependencies.classes.Elevator moverHacia
INFO: [Elevador 3] Piso actual: 2
Oct 30, 2025 7:29:43 AM dependencies.classes.Elevator moverHacia
INFO: [Elevador 3] Piso actual: 3
Oct 30, 2025 7:29:44 AM dependencies.classes.Elevator moverHacia
INFO: [Elevador 3] Piso actual: 4
Oct 30, 2025 7:29:45 AM dependencies.classes.Elevator moverHacia
INFO: [Elevador 3] Piso actual: 5
Oct 30, 2025 7:29:46 AM dependencies.classes.Elevator moverHacia
INFO: [Elevador 3] Piso actual: 6
Oct 30, 2025 7:29:47 AM dependencies.classes.Elevator moverHacia
INFO: [Elevador 3] Piso actual: 7
Oct 30, 2025 7:29:47 AM dependencies.classes.Elevator moverHacia
INFO: [Elevador 3] Llegó al piso 7
Oct 30, 2025 7:29:48 AM dependencies.classes.Elevator moverHacia
INFO: [Elevador 3] Parada completada en piso 7
Oct 30, 2025 7:29:48 AM dependencies.classes.Elevator moverHacia
INFO: [Elevador 3] Moviéndose down hacia piso 6
Oct 30, 2025 7:29:49 AM dependencies.classes.Elevator moverHacia
INFO: [Elevador 3] Piso actual: 6
Oct 30, 2025 7:29:49 AM dependencies.classes.Elevator moverHacia
INFO: [Elevador 3] Llegó al piso 6
Oct 30, 2025 7:29:50 AM dependencies.classes.Elevator moverHacia
INFO: [Elevador 3] Parada completada en piso 6
Oct 30, 2025 7:29:56 AM dependencies.classes.Elevator reset
INFO: [Elevador 3] Elevador Reseteado
Oct 30, 2025 7:29:58 AM dependencies.classes.Elevator reset
INFO: [Elevador 3] Elevador Reseteado
Oct 30, 2025 7:30:08 AM dependencies.classes.Elevator agregarComando
INFO: [Elevador 3] Agregado el comando: Dirigirse al piso 9
Oct 30, 2025 7:30:08 AM dependencies.classes.Elevator moverHacia
INFO: [Elevador 3] Moviéndose up hacia piso 9
Oct 30, 2025 7:30:08 AM dependencies.classes.Elevator agregarComando
INFO: [Elevador 3] Agregado el comando: Dirigirse al piso 9
Oct 30, 2025 7:30:09 AM dependencies.classes.Elevator agregarComando
INFO: [Elevador 3] Agregado el comando: Dirigirse al piso 10
Oct 30, 2025 7:30:09 AM dependencies.classes.Elevator moverHacia
INFO: [Elevador 3] Piso actual: 2
Oct 30, 2025 7:30:10 AM dependencies.classes.Elevator moverHacia
INFO: [Elevador 3] Piso actual: 3
Oct 30, 2025 7:30:11 AM dependencies.classes.Elevator moverHacia
INFO: [Elevador 3] Piso actual: 4
Oct 30, 2025 7:30:12 AM dependencies.classes.Elevator moverHacia
INFO: [Elevador 3] Piso actual: 5
Oct 30, 2025 7:30:13 AM dependencies.classes.Elevator moverHacia
INFO: [Elevador 3] Piso actual: 6
Oct 30, 2025 7:30:14 AM dependencies.classes.Elevator moverHacia
INFO: [Elevador 3] Piso actual: 7
Oct 30, 2025 7:30:15 AM dependencies.classes.Elevator moverHacia
INFO: [Elevador 3] Piso actual: 8
Oct 30, 2025 7:30:16 AM dependencies.classes.Elevator moverHacia
INFO: [Elevador 3] Piso actual: 9
Oct 30, 2025 7:30:16 AM dependencies.classes.Elevator moverHacia
INFO: [Elevador 3] Llegó al piso 9
Oct 30, 2025 7:30:17 AM dependencies.classes.Elevator moverHacia
INFO: [Elevador 3] Parada completada en piso 9
Oct 30, 2025 7:30:17 AM dependencies.classes.Elevator moverHacia
INFO: [Elevador 3] Moviéndose up hacia piso 9
Oct 30, 2025 7:30:17 AM dependencies.classes.Elevator moverHacia
INFO: [Elevador 3] Llegó al piso 9
Oct 30, 2025 7:30:18 AM dependencies.classes.Elevator moverHacia
INFO: [Elevador 3] Parada completada en piso 9
Oct 30, 2025 7:30:18 AM dependencies.classes.Elevator moverHacia
INFO: [Elevador 3] Moviéndose up hacia piso 10
Oct 30, 2025 7:30:19 AM dependencies.classes.Elevator moverHacia
INFO: [Elevador 3] Piso actual: 10
Oct 30, 2025 7:30:19 AM dependencies.classes.Elevator moverHacia
INFO: [Elevador 3] Llegó al piso 10
Oct 30, 2025 7:30:20 AM dependencies.classes.Elevator moverHacia
INFO: [Elevador 3] Parada completada en piso 10
Oct 30, 2025 7:45:12 AM dependencies.classes.Elevator agregarComando
INFO: [Elevador 3] Agregado el comando: Dirigirse al piso 10
Oct 30, 2025 7:45:12 AM dependencies.classes.Elevator moverHacia
INFO: [Elevador 3] Moviéndose up hacia piso 10
Oct 30, 2025 7:45:13 AM dependencies.classes.Elevator moverHacia
INFO: [Elevador 3] Piso actual: 2
Oct 30, 2025 7:45:14 AM dependencies.classes.Elevator moverHacia
INFO: [Elevador 3] Piso actual: 3
Oct 30, 2025 7:45:15 AM dependencies.classes.Elevator moverHacia
INFO: [Elevador 3] Piso actual: 4
Oct 30, 2025 7:45:16 AM dependencies.classes.Elevator moverHacia
INFO: [Elevador 3] Piso actual: 5
Oct 30, 2025 7:45:17 AM dependencies.classes.Elevator moverHacia
INFO: [Elevador 3] Piso actual: 6
Oct 30, 2025 7:45:18 AM dependencies.classes.Elevator moverHacia
INFO: [Elevador 3] Piso actual: 7
Oct 30, 2025 7:45:19 AM dependencies.classes.Elevator moverHacia
INFO: [Elevador 3] Piso actual: 8
Oct 30, 2025 7:45:20 AM dependencies.classes.Elevator moverHacia
INFO: [Elevador 3] Piso actual: 9
Oct 30, 2025 7:45:21 AM dependencies.classes.Elevator moverHacia
INFO: [Elevador 3] Piso actual: 10
Oct 30, 2025 7:45:21 AM dependencies.classes.Elevator moverHacia
INFO: [Elevador 3] Llegó al piso 10
Oct 30, 2025 7:45:22 AM dependencies.classes.Elevator moverHacia
INFO: [Elevador 3] Parada completada en piso 10
Oct 30, 2025 7:45:38 AM dependencies.classes.Elevator agregarComando
INFO: [Elevador 3] Agregado el comando: Dirigirse al piso 6
Oct 30, 2025 7:45:38 AM dependencies.classes.Elevator moverHacia
INFO: [Elevador 3] Moviéndose down hacia piso 6
Oct 30, 2025 7:45:39 AM dependencies.classes.Elevator moverHacia
INFO: [Elevador 3] Piso actual: 9
Oct 30, 2025 7:45:40 AM dependencies.classes.Elevator moverHacia
INFO: [Elevador 3] Piso actual: 8
Oct 30, 2025 7:45:41 AM dependencies.classes.Elevator moverHacia
INFO: [Elevador 3] Piso actual: 7
Oct 30, 2025 7:45:42 AM dependencies.classes.Elevator moverHacia
INFO: [Elevador 3] Piso actual: 6
Oct 30, 2025 7:45:42 AM dependencies.classes.Elevator moverHacia
INFO: [Elevador 3] Llegó al piso 6
Oct 30, 2025 7:45:43 AM dependencies.classes.Elevator moverHacia
INFO: [Elevador 3] Parada completada en piso 6
Oct 30, 2025 7:46:09 AM dependencies.classes.Elevator reset
INFO: [Elevador 3] Elevador Reseteado
Oct 30, 2025 7:46:18 AM dependencies.classes.Elevator agregarComando
INFO: [Elevador 3] Agregado el comando: Dirigirse al piso 6
Oct 30, 2025 7:46:18 AM dependencies.classes.Elevator moverHacia
INFO: [Elevador 3] Moviéndose up hacia piso 6
Oct 30, 2025 7:46:19 AM dependencies.classes.Elevator moverHacia
INFO: [Elevador 3] Piso actual: 2
Oct 30, 2025 7:46:20 AM dependencies.classes.Elevator moverHacia
INFO: [Elevador 3] Piso actual: 3
Oct 30, 2025 7:46:21 AM dependencies.classes.Elevator moverHacia
INFO: [Elevador 3] Piso actual: 4
Oct 30, 2025 7:46:22 AM dependencies.classes.Elevator moverHacia
INFO: [Elevador 3] Piso actual: 5
Oct 30, 2025 7:46:23 AM dependencies.classes.Elevator moverHacia
INFO: [Elevador 3] Piso actual: 6
Oct 30, 2025 7:46:23 AM dependencies.classes.Elevator moverHacia
INFO: [Elevador 3] Llegó al piso 6
Oct 30, 2025 7:46:24 AM dependencies.classes.Elevator moverHacia
INFO: [Elevador 3] Parada completada en piso 6
Oct 30, 2025 7:46:39 AM dependencies.classes.Elevator reset
INFO: [Elevador 3] Elevador Reseteado
Oct 30, 2025 7:46:47 AM dependencies.classes.Elevator agregarComando
INFO: [Elevador 3] Agregado el comando: Dirigirse al piso 4
Oct 30, 2025 7:46:48 AM dependencies.classes.Elevator moverHacia
INFO: [Elevador 3] Moviéndose up hacia piso 4
Oct 30, 2025 7:46:49 AM dependencies.classes.Elevator moverHacia
INFO: [Elevador 3] Piso actual: 2
Oct 30, 2025 7:46:50 AM dependencies.classes.Elevator moverHacia
INFO: [Elevador 3] Piso actual: 3
Oct 30, 2025 7:46:51 AM dependencies.classes.Elevator moverHacia
INFO: [Elevador 3] Piso actual: 4
Oct 30, 2025 7:46:51 AM dependencies.classes.Elevator moverHacia
INFO: [Elevador 3] Llegó al piso 4
Oct 30, 2025 7:46:52 AM dependencies.classes.Elevator moverHacia
INFO: [Elevador 3] Parada completada en piso 4
Oct 30, 2025 7:46:56 AM dependencies.classes.Elevator agregarComando
INFO: [Elevador 3] Agregado el comando: Dirigirse al piso 2
Oct 30, 2025 7:46:56 AM dependencies.classes.Elevator moverHacia
INFO: [Elevador 3] Moviéndose down hacia piso 2
Oct 30, 2025 7:46:57 AM dependencies.classes.Elevator moverHacia
INFO: [Elevador 3] Piso actual: 3
Oct 30, 2025 7:46:58 AM dependencies.classes.Elevator moverHacia
INFO: [Elevador 3] Piso actual: 2
Oct 30, 2025 7:46:58 AM dependencies.classes.Elevator moverHacia
INFO: [Elevador 3] Llegó al piso 2
Oct 30, 2025 7:46:59 AM dependencies.classes.Elevator moverHacia
INFO: [Elevador 3] Parada completada en piso 2
Oct 30, 2025 8:02:47 AM dependencies.classes.Elevator agregarComando
INFO: [Elevador 3] Agregado el comando: Dirigirse al piso 8
Oct 30, 2025 8:02:47 AM dependencies.classes.Elevator moverHacia
INFO: [Elevador 3] Moviéndose up hacia piso 8
Oct 30, 2025 8:02:48 AM dependencies.classes.Elevator moverHacia
INFO: [Elevador 3] Piso actual: 2
Oct 30, 2025 8:02:49 AM dependencies.classes.Elevator moverHacia
INFO: [Elevador 3] Piso actual: 3
Oct 30, 2025 8:02:50 AM dependencies.classes.Elevator moverHacia
INFO: [Elevador 3] Piso actual: 4
Oct 30, 2025 8:02:51 AM dependencies.classes.Elevator moverHacia
INFO: [Elevador 3] Piso actual: 5
Oct 30, 2025 8:02:52 AM dependencies.classes.Elevator moverHacia
INFO: [Elevador 3] Piso actual: 6
Oct 30, 2025 8:02:53 AM dependencies.classes.Elevator moverHacia
INFO: [Elevador 3] Piso actual: 7
Oct 30, 2025 8:02:54 AM dependencies.classes.Elevator moverHacia
INFO: [Elevador 3] Piso actual: 8
Oct 30, 2025 8:02:54 AM dependencies.classes.Elevator moverHacia
INFO: [Elevador 3] Llegó al piso 8
Oct 30, 2025 8:02:55 AM dependencies.classes.Elevator moverHacia
INFO: [Elevador 3] Parada completada en piso 8
Oct 30, 2025 8:02:59 AM dependencies.classes.Elevator reset
INFO: [Elevador 3] Elevador Reseteado
Oct 30, 2025 8:03:06 AM dependencies.classes.Elevator agregarComando
INFO: [Elevador 3] Agregado el comando: Dirigirse al piso 5
Oct 30, 2025 8:03:07 AM dependencies.classes.Elevator moverHacia
INFO: [Elevador 3] Moviéndose up hacia piso 5
Oct 30, 2025 8:03:08 AM dependencies.classes.Elevator moverHacia
INFO: [Elevador 3] Piso actual: 2
Oct 30, 2025 8:03:09 AM dependencies.classes.Elevator moverHacia
INFO: [Elevador 3] Piso actual: 3
Oct 30, 2025 8:03:10 AM dependencies.classes.Elevator moverHacia
INFO: [Elevador 3] Piso actual: 4
Oct 30, 2025 8:03:11 AM dependencies.classes.Elevator moverHacia
INFO: [Elevador 3] Piso actual: 5
Oct 30, 2025 8:03:11 AM dependencies.classes.Elevator moverHacia
INFO: [Elevador 3] Llegó al piso 5
Oct 30, 2025 8:03:12 AM dependencies.classes.Elevator moverHacia
INFO: [Elevador 3] Parada completada en piso 5
Oct 30, 2025 8:03:24 AM dependencies.classes.Elevator agregarComando
INFO: [Elevador 3] Agregado el comando: Dirigirse al piso 3
Oct 30, 2025 8:03:24 AM dependencies.classes.Elevator moverHacia
INFO: [Elevador 3] Moviéndose down hacia piso 3
Oct 30, 2025 8:03:25 AM dependencies.classes.Elevator moverHacia
INFO: [Elevador 3] Piso actual: 4
Oct 30, 2025 8:03:26 AM dependencies.classes.Elevator moverHacia
INFO: [Elevador 3] Piso actual: 3
Oct 30, 2025 8:03:26 AM dependencies.classes.Elevator moverHacia
INFO: [Elevador 3] Llegó al piso 3
Oct 30, 2025 8:03:27 AM dependencies.classes.Elevator moverHacia
INFO: [Elevador 3] Parada completada en piso 3
