oct 30, 2025 8:18:42 P. M. dependencies.classes.Elevator reset
INFO: [Elevador 4] Reset completado
oct 30, 2025 8:22:25 P. M. dependencies.classes.Elevator reset
INFO: [Elevador 4] Reset completado
oct 30, 2025 8:29:29 P. M. dependencies.classes.Elevator reset
INFO: [Elevador 4] Reset completado
oct 30, 2025 8:53:45 P. M. dependencies.classes.Elevator reset
INFO: [Elevador 4] Reset completado
oct 30, 2025 8:56:42 P. M. dependencies.classes.Elevator reset
INFO: [Elevador 4] Reset completado
oct 30, 2025 9:03:38 P. M. dependencies.classes.Elevator reset
INFO: [Elevador 4] Reset completado
oct 30, 2025 9:04:31 P. M. dependencies.classes.Elevator reset
INFO: [Elevador 4] Reset completado
oct 30, 2025 9:22:28 P. M. dependencies.classes.Elevator reset
INFO: [Elevador 4] Reset completado
oct 30, 2025 10:04:09 P. M. dependencies.classes.Elevator reset
INFO: [Elevador 4] Elevador Reseteado
Oct 30, 2025 10:21:29 PM dependencies.classes.Elevator agregarComando
INFO: [Elevador 4] Agregado el comando: Dirigirse al piso 7
Oct 30, 2025 10:21:29 PM dependencies.classes.Elevator moverHacia
INFO: [Elevador 4] Moviéndose up hacia piso 7
Oct 30, 2025 10:21:31 PM dependencies.classes.Elevator moverHacia
INFO: [Elevador 4] Piso actual: 2
Oct 30, 2025 10:21:33 PM dependencies.classes.Elevator moverHacia
INFO: [Elevador 4] Piso actual: 3
Oct 30, 2025 10:21:35 PM dependencies.classes.Elevator moverHacia
INFO: [Elevador 4] Piso actual: 4
Oct 30, 2025 10:21:37 PM dependencies.classes.Elevator moverHacia
INFO: [Elevador 4] Piso actual: 5
Oct 30, 2025 10:21:39 PM dependencies.classes.Elevator moverHacia
INFO: [Elevador 4] Piso actual: 6
Oct 30, 2025 10:21:41 PM dependencies.classes.Elevator moverHacia
INFO: [Elevador 4] Piso actual: 7
Oct 30, 2025 10:21:41 PM dependencies.classes.Elevator moverHacia
INFO: [Elevador 4] Llegó al piso 7
Oct 30, 2025 10:21:43 PM dependencies.classes.Elevator moverHacia
INFO: [Elevador 4] Parada completada en piso 7
