oct 30, 2025 8:18:42 P. M. dependencies.classes.Elevator reset
INFO: [Elevador 5] Reset completado
oct 30, 2025 8:22:25 P. M. dependencies.classes.Elevator reset
INFO: [Elevador 5] Reset completado
oct 30, 2025 8:29:29 P. M. dependencies.classes.Elevator reset
INFO: [Elevador 5] Reset completado
oct 30, 2025 8:53:45 P. M. dependencies.classes.Elevator reset
INFO: [Elevador 5] Reset completado
oct 30, 2025 8:56:42 P. M. dependencies.classes.Elevator reset
INFO: [Elevador 5] Reset completado
oct 30, 2025 9:03:38 P. M. dependencies.classes.Elevator reset
INFO: [Elevador 5] Reset completado
oct 30, 2025 9:04:31 P. M. dependencies.classes.Elevator reset
INFO: [Elevador 5] Reset completado
oct 30, 2025 9:22:28 P. M. dependencies.classes.Elevator reset
INFO: [Elevador 5] Reset completado
oct 30, 2025 10:04:09 P. M. dependencies.classes.Elevator reset
INFO: [Elevador 5] Elevador Reseteado
Oct 30, 2025 10:21:30 PM dependencies.classes.Elevator agregarComando
INFO: [Elevador 5] Agregado el comando: Dirigirse al piso 6
Oct 30, 2025 10:21:30 PM dependencies.classes.Elevator moverHacia
INFO: [Elevador 5] Moviéndose up hacia piso 6
Oct 30, 2025 10:21:32 PM dependencies.classes.Elevator moverHacia
INFO: [Elevador 5] Piso actual: 2
Oct 30, 2025 10:21:34 PM dependencies.classes.Elevator moverHacia
INFO: [Elevador 5] Piso actual: 3
Oct 30, 2025 10:21:36 PM dependencies.classes.Elevator moverHacia
INFO: [Elevador 5] Piso actual: 4
Oct 30, 2025 10:21:38 PM dependencies.classes.Elevator moverHacia
INFO: [Elevador 5] Piso actual: 5
Oct 30, 2025 10:21:40 PM dependencies.classes.Elevator moverHacia
INFO: [Elevador 5] Piso actual: 6
Oct 30, 2025 10:21:40 PM dependencies.classes.Elevator moverHacia
INFO: [Elevador 5] Llegó al piso 6
Oct 30, 2025 10:21:42 PM dependencies.classes.Elevator moverHacia
INFO: [Elevador 5] Parada completada en piso 6
