oct 30, 2025 6:53:52 A. M. dependencies.classes.ElevatorManager agregarRequest
INFO: [Manager] Nueva solicitud: Piso 4 (up)
oct 30, 2025 6:53:52 A. M. dependencies.classes.ElevatorManager asignarElevador
INFO: [Manager] Asignado elevador 1 al piso 4
oct 30, 2025 6:54:35 A. M. dependencies.classes.ElevatorManager resetSistema
INFO: [Manager] Reset general solicitado
oct 30, 2025 6:55:12 A. M. dependencies.classes.ElevatorManager agregarRequest
INFO: [Manager] Nueva solicitud: Piso 9 (down)
oct 30, 2025 6:55:12 A. M. dependencies.classes.ElevatorManager asignarElevador
INFO: [Manager] Asignado elevador 1 al piso 9
oct 30, 2025 7:00:24 A. M. dependencies.classes.ElevatorManager agregarRequest
INFO: [Manager] Nueva solicitud: Piso 8 (up)
oct 30, 2025 7:00:24 A. M. dependencies.classes.ElevatorManager asignarElevador
INFO: [Manager] Asignado elevador 1 al piso 8
oct 30, 2025 7:01:06 A. M. dependencies.classes.ElevatorManager agregarRequest
INFO: [Manager] Nueva solicitud: Piso 3 (down)
oct 30, 2025 7:01:06 A. M. dependencies.classes.ElevatorManager asignarElevador
INFO: [Manager] Asignado elevador 2 al piso 3
oct 30, 2025 7:39:20 P. M. dependencies.classes.ElevatorManager agregarRequest
INFO: [Manager] Nueva solicitud: Piso 10 (up)
oct 30, 2025 7:39:20 P. M. dependencies.classes.ElevatorManager asignarElevador
INFO: [Manager] Asignado elevador 1 al piso 10
oct 30, 2025 7:51:57 P. M. dependencies.classes.ElevatorManager agregarRequest
INFO: [Manager] Nueva solicitud: Piso 10 (down)
oct 30, 2025 7:51:57 P. M. dependencies.classes.ElevatorManager asignarElevador
INFO: [Manager] Asignado elevador 1 al piso 10
oct 30, 2025 7:52:19 P. M. dependencies.classes.ElevatorManager agregarRequest
INFO: [Manager] Nueva solicitud: Piso 5 (up)
oct 30, 2025 7:52:20 P. M. dependencies.classes.ElevatorManager asignarElevador
INFO: [Manager] Asignado elevador 2 al piso 5
oct 30, 2025 8:18:30 P. M. dependencies.classes.ElevatorManager asignarElevador
INFO: [Manager] Asignado elevador 1 al piso 5
oct 30, 2025 8:18:42 P. M. dependencies.classes.ElevatorManager resetSistema
INFO: [Manager] Reset general solicitado
oct 30, 2025 8:21:46 P. M. dependencies.classes.ElevatorManager asignarElevador
INFO: [Manager] Asignado elevador 1 al piso 7
oct 30, 2025 8:22:25 P. M. dependencies.classes.ElevatorManager resetSistema
INFO: [Manager] Reset general solicitado
oct 30, 2025 8:22:51 P. M. dependencies.classes.ElevatorManager asignarElevador
INFO: [Manager] Asignado elevador 1 al piso 8
oct 30, 2025 8:23:12 P. M. dependencies.classes.ElevatorManager asignarElevador
INFO: [Manager] Asignado elevador 2 al piso 4
oct 30, 2025 8:27:52 P. M. dependencies.classes.ElevatorManager asignarElevador
INFO: [Manager] Asignado elevador 1 al piso 8
oct 30, 2025 8:28:19 P. M. dependencies.classes.ElevatorManager asignarElevador
INFO: [Manager] Asignado elevador 2 al piso 3
oct 30, 2025 8:28:34 P. M. dependencies.classes.ElevatorManager asignarElevador
INFO: [Manager] Asignado elevador 1 al piso 10
oct 30, 2025 8:29:29 P. M. dependencies.classes.ElevatorManager resetSistema
INFO: [Manager] Reset general solicitado
oct 30, 2025 8:49:47 P. M. dependencies.classes.ElevatorManager asignarElevador
INFO: [Manager] Asignado elevador 1 al piso 6
oct 30, 2025 8:50:08 P. M. dependencies.classes.ElevatorManager asignarElevador
INFO: [Manager] Asignado elevador 1 al piso 6
oct 30, 2025 8:51:04 P. M. dependencies.classes.ElevatorManager asignarElevador
INFO: [Manager] Asignado elevador 1 al piso 4
oct 30, 2025 8:53:45 P. M. dependencies.classes.ElevatorManager resetSistema
INFO: [Manager] Reset general solicitado
oct 30, 2025 8:55:42 P. M. dependencies.classes.ElevatorManager asignarElevador
INFO: [Manager] Asignado elevador 1 al piso 4
oct 30, 2025 8:55:59 P. M. dependencies.classes.ElevatorManager asignarElevador
INFO: [Manager] Asignado elevador 1 al piso 10
oct 30, 2025 8:56:42 P. M. dependencies.classes.ElevatorManager resetSistema
INFO: [Manager] Reset general solicitado
oct 30, 2025 9:03:38 P. M. dependencies.classes.ElevatorManager resetSistema
INFO: [Manager] Reset general solicitado
oct 30, 2025 9:04:31 P. M. dependencies.classes.ElevatorManager resetSistema
INFO: [Manager] Reset general solicitado
oct 30, 2025 9:05:02 P. M. dependencies.classes.ElevatorManager asignarElevador
INFO: [Manager] Asignado elevador 1 al piso 6
oct 30, 2025 9:07:24 P. M. dependencies.classes.ElevatorManager asignarElevador
INFO: [Manager] Asignado elevador 1 al piso 6
oct 30, 2025 9:17:07 P. M. dependencies.classes.ElevatorManager asignarElevador
INFO: [Manager] Asignado elevador 1 al piso 8
oct 30, 2025 9:22:28 P. M. dependencies.classes.ElevatorManager resetSistema
INFO: [Manager] Reset general solicitado
oct 30, 2025 10:04:09 P. M. dependencies.classes.ElevatorManager ReiniciarSistema
INFO: [El admin] Reinicio general solicitado
